                                                           The SAS System                          16:07 Saturday, July 30, 2016   1

                                                       The CONTENTS Procedure

             Data Set Name        MYSAS.MATM2                                              Observations          100134
             Member Type          DATA                                                     Variables             135   
             Engine               V9                                                       Indexes               0     
             Created              18/07/2016 15:47:12                                      Observation Length    840   
             Last Modified        18/07/2016 15:47:12                                      Deleted Observations  0     
             Protection                                                                    Compressed            NO    
             Data Set Type                                                                 Sorted                NO    
             Label                                                                                                     
             Data Representation  SOLARIS_X86_64, LINUX_X86_64, ALPHA_TRU64, LINUX_IA64                                
             Encoding             utf-8  Unicode (UTF-8)                                                               


                                                 Engine/Host Dependent Information

                                        Data Set Page Size          73728                   
                                        Number of Data Set Pages    1152                    
                                        First Data Page             1                       
                                        Max Obs per Page            87                      
                                        Obs in First Data Page      64                      
                                        Number of Data Set Repairs  0                       
                                        Filename                    /tmp/viya/matm2.sas7bdat
                                        Release Created             V.0300M0                
                                        Host Created                Linux                   
                                        Inode Number                538260071               
                                        Access Permission           rw-rw-rw-               
                                        Owner Name                  sasuser                 
                                        File Size                   81MB                    
                                        File Size (bytes)           85008384                


                                             Alphabetic List of Variables and Attributes
 
                            #    Variable       Type    Len    Format          Informat        Label

                           46    AUST_FER       Char      2    $1.             $1.             AUST_FER   
                           19    A_DCH          Num       8    5.              5.              A_DCH      
                           50    BEW_PLK        Char      2    $1.             $1.             BEW_PLK    
                            7    BEW_VN         Num       8    5.              5.              BEW_VN     
                           17    BEW_VNVL       Num       8    5.              5.              BEW_VNVL   
                           14    BEW_VNVR       Num       8    5.              5.              BEW_VNVR   
                           22    BR             Num       8    13.3            13.3            BR         
                           89    BR_1           Num       8    13.3            13.3            BR_1       
                           90    BR_2           Num       8    13.3            13.3            BR_2       
                           91    BR_3           Num       8    13.3            13.3            BR_3       
                           92    BR_4           Num       8    13.3            13.3            BR_4       
                           93    BR_5           Num       8    13.3            13.3            BR_5       
                          120    BR_SBE1        Num       8    13.3            13.3            BR_SBE1    
                          121    BR_SBE2        Num       8    13.3            13.3            BR_SBE2    
                          122    BR_SEI1        Num       8    13.3            13.3            BR_SEI1    
                          123    BR_SEI2        Num       8    13.3            13.3            BR_SEI2    
                           47    BSTM           Char      3    $2.             $2.             BSTM       
                            4    CL_N           Char     12    $8.             $8.             CL_N       
                            8    DCH_N          Num       8    5.              5.              DCH_N      
                           18    DCH_N_VL       Num       8    5.              5.              DCH_N_VL   
                           15    DCH_N_VR       Num       8    5.              5.              DCH_N_VR   
                           23    DI             Num       8    11.4            11.4            DI         
                                                           The SAS System                          16:07 Saturday, July 30, 2016   2

                                                       The CONTENTS Procedure

                                             Alphabetic List of Variables and Attributes
 
                            #    Variable       Type    Len    Format          Informat        Label

                           28    DIA_IN         Num       8    7.              7.              DIA_IN     
                           84    DI_1           Num       8    11.4            11.4            DI_1       
                           85    DI_2           Num       8    11.4            11.4            DI_2       
                           86    DI_3           Num       8    11.4            11.4            DI_3       
                           87    DI_4           Num       8    11.4            11.4            DI_4       
                           88    DI_5           Num       8    11.4            11.4            DI_5       
                          116    DI_SBE1        Num       8    11.4            11.4            DI_SBE1    
                          117    DI_SBE2        Num       8    11.4            11.4            DI_SBE2    
                          118    DI_SEI1        Num       8    11.4            11.4            DI_SEI1    
                          119    DI_SEI2        Num       8    11.4            11.4            DI_SEI2    
                           10    DL_N_BRI       Char      5    $3.             $3.             DL_N_BRI   
                           12    DL_N_BRU       Char      5    $3.             $3.             DL_N_BRU   
                            9    DL_N_LEI       Char      5    $3.             $3.             DL_N_LEI   
                           11    DL_N_LEU       Char      5    $3.             $3.             DL_N_LEU   
                           60    F_AFFCQC       Char      2    $1.             $1.             F_AFFCQC   
                           21    F_EI_STK       Char      2    $1.             $1.             F_EI_STK   
                           73    F_GRIND        Char      2    $1.             $1.             F_GRIND    
                           26    F_G_GEW        Char      2    $1.             $1.             F_G_GEW    
                           72    F_KW           Char      2    $1.             $1.             F_KW       
                           56    F_KW_VSL       Char      2    $1.             $1.             F_KW_VSL   
                           59    F_ROUTQC       Char      2    $1.             $1.             F_ROUTQC   
                           51    F_SCHR         Char      2    $1.             $1.             F_SCHR     
                           40    F_SH_PR        Char      2    $1.             $1.             F_SH_PR    
                           38    F_SH_QC        Char      2    $1.             $1.             F_SH_QC    
                           67    F_TRG_KL       Char      2    $1.             $1.             F_TRG_KL   
                           43    F_TSTSTK       Char      2    $1.             $1.             F_TSTSTK   
                           25    G              Num       8    11.             11.             G          
                          108    GEM_DI         Num       8    7.3             7.3             GEM_DI     
                          110    GEM_DI30       Num       8    7.3             7.3             GEM_DI30   
                           74    G_IN           Num       8    11.             11.             G_IN       
                           20    HOOG_DCH       Num       8    5.              5.              HOOG_DCH   
                           45    KNT_BB         Char      2    $1.             $1.             KNT_BB     
                           27    KRN_HG         Num       8    5.              5.              KRN_HG     
                           83    K_AFW          Char      3    $2.             $2.             K_AFW      
                           49    K_ATP          Char      6    $4.             $4.             K_ATP      
                           53    K_BEW          Char      6    $4.             $4.             K_BEW      
                           81    K_BKL1         Char      3    $2.             $2.             K_BKL1     
                           82    K_BKL2         Char      3    $2.             $2.             K_BKL2     
                            2    K_FI_CL        Char      8    $5.             $5.             K_FI_CL    
                            5    K_FI_LN        Char      8    $5.             $5.             K_FI_LN    
                           99    K_INFO_1       Char      6    $4.             $4.             K_INFO_1   
                          100    K_INFO_2       Char      6    $4.             $4.             K_INFO_2   
                          101    K_INFO_3       Char      6    $4.             $4.             K_INFO_3   
                          102    K_INFO_4       Char      6    $4.             $4.             K_INFO_4   
                          103    K_INFO_5       Char      6    $4.             $4.             K_INFO_5   
                          128    K_ISBG1        Char      6    $4.             $4.             K_ISBG1    
                          129    K_ISBG2        Char      6    $4.             $4.             K_ISBG2    
                          130    K_ISEI1        Char      6    $4.             $4.             K_ISEI1    
                          131    K_ISEI2        Char      6    $4.             $4.             K_ISEI2    
                           37    K_KLASMA       Char      3    $2.             $2.             K_KLASMA   
                           54    K_KS           Char      2    $1.             $1.             K_KS       
                           48    K_NM_ATP       Char      3    $2.             $2.             K_NM_ATP   
                                                           The SAS System                          16:07 Saturday, July 30, 2016   3

                                                       The CONTENTS Procedure

                                             Alphabetic List of Variables and Attributes
 
                            #    Variable       Type    Len    Format          Informat        Label

                           79    K_POL1         Char      3    $2.             $2.             K_POL1     
                           80    K_POL2         Char      3    $2.             $2.             K_POL2     
                           55    K_RCP          Char      3    $2.             $2.             K_RCP      
                           41    K_SH_PR        Char      5    $3.             $3.             K_SH_PR    
                           39    K_SH_QC        Char      5    $3.             $3.             K_SH_QC    
                           52    K_TSTMAT       Char      6    $4.             $4.             K_TSTMAT   
                           24    LE             Num       8    13.2            13.2            LE         
                          134    LENGTE_BEKL    Num       8    13.2            13.2            LENGTE_BEKL
                           94    LE_1           Num       8    13.2            13.2            LE_1       
                           95    LE_2           Num       8    13.2            13.2            LE_2       
                           96    LE_3           Num       8    13.2            13.2            LE_3       
                           97    LE_4           Num       8    13.2            13.2            LE_4       
                           98    LE_5           Num       8    13.2            13.2            LE_5       
                          124    LE_SBE1        Num       8    13.2            13.2            LE_SBE1    
                          125    LE_SBE2        Num       8    13.2            13.2            LE_SBE2    
                          126    LE_SEI1        Num       8    13.2            13.2            LE_SEI1    
                          127    LE_SEI2        Num       8    13.2            13.2            LE_SEI2    
                            6    LN_PR          Char      6    $4.             $4.             LN_PR      
                           16    LN_PR_VL       Char      6    $4.             $4.             LN_PR_VL   
                           13    LN_PR_VR       Char      6    $4.             $4.             LN_PR_VR   
                           33    LOSBB_IN       Char      2    $1.             $1.             LOSBB_IN   
                           34    LOSBB_UI       Char      2    $1.             $1.             LOSBB_UI   
                           57    LPTD_PJ        Num       8    5.              5.              LPTD_PJ    
                           58    LPTD_RA        Char      6    $4.             $4.             LPTD_RA    
                           78    N_DCHTOT       Num       8    5.              5.              N_DCHTOT   
                           77    N_DCHVAN       Num       8    5.              5.              N_DCHVAN   
                           35    OMPLB_IN       Char      2    $1.             $1.             OMPLB_IN   
                           36    OMPLB_UI       Char      2    $1.             $1.             OMPLB_UI   
                          114    OPL_CCIB       Char      3    $2.             $2.             OPL_CCIB   
                          111    PRF_LI         Num       8    7.3             7.3             PRF_LI     
                          112    PRF_MI         Num       8    7.3             7.3             PRF_MI     
                          113    PRF_RE         Num       8    7.3             7.3             PRF_RE     
                           31    SCHKT_IN       Char      2    $1.             $1.             SCHKT_IN   
                           32    SCHKT_UI       Char      2    $1.             $1.             SCHKT_UI   
                            3    SJR_CL         Char      6    $4.             $4.             SJR_CL     
                          115    SRT_PAP        Char      8    $5.             $5.             SRT_PAP    
                          109    STD_DEV        Num       8    7.3             7.3             STD_DEV    
                           29    TLSKP_IN       Char      2    $1.             $1.             TLSKP_IN   
                           30    TLSKP_UI       Char      2    $1.             $1.             TLSKP_UI   
                           65    TS_BE          Num       8    DATETIME30.6    DATETIME30.6    TS_BE      
                           66    TS_EI          Num       8    DATETIME30.6    DATETIME30.6    TS_EI      
                          104    TS_KR          Num       8    DATETIME30.6    DATETIME30.6    TS_KR      
                           63    TS_KR_DC       Num       8    DATETIME30.6    DATETIME30.6    TS_KR_DC   
                          106    TS_WZ          Num       8    DATETIME30.6    DATETIME30.6    TS_WZ      
                           64    TS_WZ_DC       Num       8    DATETIME30.6    DATETIME30.6    TS_WZ_DC   
                           44    TT_DL_N        Char      9    $6.             $6.             TT_DL_N    
                           68    T_STILBB       Num       8    7.              7.              T_STILBB   
                           69    T_STILMC       Num       8    7.              7.              T_STILMC   
                           70    T_STILMD       Num       8    7.              7.              T_STILMD   
                          105    US_KR          Char     12    $8.             $8.             US_KR      
                           61    US_KR_DC       Char     12    $8.             $8.             US_KR_DC   
                          107    US_WZ          Char     12    $8.             $8.             US_WZ      
                                                           The SAS System                          16:07 Saturday, July 30, 2016   4

                                                       The CONTENTS Procedure

                                             Alphabetic List of Variables and Attributes
 
                            #    Variable       Type    Len    Format          Informat        Label

                           62    US_WZ_DC       Char     12    $8.             $8.             US_WZ_DC   
                           71    WRK_N          Char      6    $4.             $4.             WRK_N      
                           42    WRK_N_VK       Char      6    $4.             $4.             WRK_N_VK   
                           76    WW_NPROG       Char      5    $3.             $3.             WW_NPROG   
                           75    WW_PROGN       Char      5    $3.             $3.             WW_PROGN   
                          135    date_TS_BE     Num       8                                               
                            1    prioriteit     Char      2    $1.             $1.             PRIORITEIT 
                          132    ts_kr_sa       Num       8                                               
                          133    ts_wz_sa       Num       8                                               
