                                                           The SAS System                          13:49 Tuesday, August 2, 2016   1

                     signaal_
Obs        id           nr       objectid    signaal

443     978948702     d443       -1722       ONTV: Bandtemperatuur                                                           
476    1372981475     d476       -1722       H2Droger: temperatuur TTT31 istwaarde                                           
477    1372981476     d477       -1722       H2Droger: temperatuur TTT35 istwaarde                                           

                                                       vlgnr_    afstand_in_
Obs    eenheid       tagnaam                           sectie    lijnsectie                    ts_krea    user_krea

443    °C           VIS_BANDTEMPERATUUR_IST                3          0.0      15DEC2010:08:58:35.650    ARMONY\B0569             
476    °C           VIS_TTT31_Ist                          7          0.0      18FEB2014:11:11:29.350    UABEPRD\adm-r0758        
477    °C           VIS_TTT35_Ist                          7          0.0      18FEB2014:11:12:37.443    UABEPRD\adm-r0758        

 
Obs                 ts_wijzig    user_wijzig                  dt_van    dt_tot

443    15DEC2010:08:58:35.650    ARMONY\B0569                  18773       .  
476    18FEB2014:11:11:29.350    UABEPRD\adm-r0758             19773       .  
477    18FEB2014:11:12:37.443    UABEPRD\adm-r0758             19773       .  
