                                                           The SAS System                          17:06 Tuesday, August 9, 2016   1

                                                       The CONTENTS Procedure

              Data Set Name        OUSASLIB.SKP_CILINDERS                                   Observations          1443
              Member Type          DATA                                                     Variables             49  
              Engine               V9                                                       Indexes               0   
              Created              09/08/2016 15:06:40                                      Observation Length    608 
              Last Modified        09/08/2016 15:06:40                                      Deleted Observations  0   
              Protection                                                                    Compressed            NO  
              Data Set Type                                                                 Sorted                NO  
              Label                                                                                                   
              Data Representation  SOLARIS_X86_64, LINUX_X86_64, ALPHA_TRU64, LINUX_IA64                              
              Encoding             utf-8  Unicode (UTF-8)                                                             


                                                 Engine/Host Dependent Information

                                    Data Set Page Size          65536                          
                                    Number of Data Set Pages    14                             
                                    First Data Page             1                              
                                    Max Obs per Page            107                            
                                    Obs in First Data Page      92                             
                                    Number of Data Set Repairs  0                              
                                    Filename                    /tmp/v94/skp_cilinders.sas7bdat
                                    Release Created             9.0401M3                       
                                    Host Created                Linux                          
                                    Inode Number                1611022554                     
                                    Access Permission           rw-r--r--                      
                                    Owner Name                  sastest                        
                                    File Size                   960KB                          
                                    File Size (bytes)           983040                         


                                            Alphabetic List of Variables and Attributes
 
       #    Variable                           Type    Len    Format          Informat        Label

       9    Afname                             Num       8    9.2             9.2             Afname                         
      31    Afwerking                          Num       8    11.             11.             Afwerking                      
      16    BeginDatum                         Num       8    DATETIME22.3    DATETIME22.3    BeginDatum                     
      34    Bolvorm                            Char     15    $10.            $10.            Bolvorm                        
      41    BorgpenHydrMoerOK                  Num       8    2.              2.              BorgpenHydrMoerOK              
      23    CilinderDiameterBegin              Num       8    7.2             7.2             CilinderDiameterBegin          
      21    CilinderDiameterEindeAutoLinks     Num       8    7.2             7.2             CilinderDiameterEindeAutoLinks 
      22    CilinderDiameterEindeAutoRechts    Num       8    7.2             7.2             CilinderDiameterEindeAutoRechts
       8    CilinderDiameterEindeMan           Num       8    9.2             9.2             CilinderDiameterEindeMan       
      11    CodeSlijpReden                     Char      6    $4.             $4.             CodeSlijpReden                 
      49    ComponentDigits                    Num       8                                                                   
       2    ComponentId                        Num       8    11.             11.             ComponentId                    
       4    ComponentName                      Char     45    $30.            $30.            ComponentName                  
      17    EindDatum                          Num       8    DATETIME22.3    DATETIME22.3    EindDatum                      
      42    FlagMSMQIBM                        Num       8    2.              2.              FlagMSMQIBM                    
      43    FlagMSMQQE                         Num       8    2.              2.              FlagMSMQQE                     
      35    Hardheid                           Num       8    11.             11.             Hardheid                       
      36    Hardheid2                          Num       8    11.             11.             Hardheid2                      
      37    Hardheid3                          Num       8    11.             11.             Hardheid3                      
      38    Hardheid4                          Num       8    11.             11.             Hardheid4                      
      39    Hardheid5                          Num       8    11.             11.             Hardheid5                      
      47    HardheidTestgrens                  Num       8    7.2             7.2             HardheidTestgrens              
                                                           The SAS System                          17:06 Tuesday, August 9, 2016   2

                                                       The CONTENTS Procedure

                                            Alphabetic List of Variables and Attributes
 
       #    Variable                           Type    Len    Format          Informat        Label

       1    HistoryId                          Num       8    11.             11.             HistoryId                      
       3    HistoryTime                        Num       8    DATETIME22.3    DATETIME22.3    HistoryTime                    
      32    LagersTappenOK                     Num       8    2.              2.              LagersTappenOK                 
      14    OKVoorWals                         Num       8    2.              2.              OKVoorWals                     
      15    OKVoorWalsNaSlijping               Num       8    2.              2.              OKVoorWalsNaSlijping           
      30    Opharding                          Num       8    7.2             7.2             Opharding                      
      10    Opligtijd                          Char     15    $10.            $10.            Opligtijd                      
      27    Pause                              Num       8    11.             11.             Pause                          
       6    ProgrammaNaam                      Char     60    $40.            $40.            ProgrammaNaam                  
      26    ProgrammaOnderbroken               Num       8    2.              2.              ProgrammaOnderbroken           
      29    RedenTeHogeSlijptijd               Char     60    $40.            $40.            RedenTeHogeSlijptijd           
      13    Ruwheid                            Num       8    7.2             7.2             Ruwheid                        
      40    Slag                               Num       8    7.2             7.2             Slag                           
      12    SlijpOpmerking                     Char     45    $30.            $30.            SlijpOpmerking                 
      20    SlijpTijd                          Num       8    11.             11.             SlijpTijd                      
      46    SlijpTijdUUMMSS                    Char     12    $8.             $8.             SlijpTijdUUMMSS                
      33    Slijpkurve                         Char     15    $10.            $10.            Slijpkurve                     
       5    Slijpmachine                       Num       8    11.             11.             Slijpmachine                   
      25    SlijpsteenComponentTypeId          Num       8    11.             11.             SlijpsteenComponentTypeId      
      24    SlijpsteenDiameter                 Num       8    9.3             9.3             SlijpsteenDiameter             
      18    TijdAfruwen                        Num       8    11.             11.             TijdAfruwen                    
      44    TijdAfruwenUUMMSS                  Char     12    $8.             $8.             TijdAfruwenUUMMSS              
      19    TijdAfwerken                       Num       8    11.             11.             TijdAfwerken                   
      45    TijdAfwerkenUUMMSS                 Char     12    $8.             $8.             TijdAfwerkenUUMMSS             
      28    WerkNummerAfname                   Char      9    $6.             $6.             WerkNummerAfname               
       7    WerkNummerSlijp                    Char      9    $6.             $6.             WerkNummerSlijp                
      48    einddatumskp                       Num       8    DATETIME19.                                                    
