                                                           The SAS System                         17:13 Wednesday, July 27, 2016   1

                                                       The CONTENTS Procedure

            Data Set Name        MYOWNSAS.SKP1ALLPLUSKEYS                                 Observations          8071189
            Member Type          DATA                                                     Variables             590    
            Engine               V9                                                       Indexes               0      
            Created              26/07/2016 17:18:48                                      Observation Length    4776   
            Last Modified        26/07/2016 17:18:48                                      Deleted Observations  0      
            Protection                                                                    Compressed            NO     
            Data Set Type                                                                 Sorted                NO     
            Label                                                                                                      
            Data Representation  SOLARIS_X86_64, LINUX_X86_64, ALPHA_TRU64, LINUX_IA64                                 
            Encoding             utf-8  Unicode (UTF-8)                                                                


                                                 Engine/Host Dependent Information

                                   Data Set Page Size          131072                           
                                   Number of Data Set Pages    298934                           
                                   First Data Page             1                                
                                   Max Obs per Page            27                               
                                   Obs in First Data Page      11                               
                                   Number of Data Set Repairs  0                                
                                   Filename                    /tmp/v94/skp1allpluskeys.sas7bdat
                                   Release Created             9.0401M3                         
                                   Host Created                Linux                            
                                   Inode Number                1633446699                       
                                   Access Permission           rw-r--r--                        
                                   Owner Name                  sastest                          
                                   File Size                   36GB                             
                                   File Size (bytes)           39182008320                      


                                             Alphabetic List of Variables and Attributes
 
                     #    Variable              Type    Len    Format          Informat        Label

                   587    BEW_VN                Num       8    5.              5.              BEW_VN            
                   586    CL_N                  Char     12    $8.             $8.             CL_N              
                   588    DCH_N                 Num       8    5.              5.              DCH_N             
                   589    K_TSTMAT              Char      6    $4.             $4.             K_TSTMAT          
                   590    TS_BE                 Num       8    DATETIME30.6    DATETIME30.6    TS_BE             
                     3    d001                  Num       8    9.2             9.2             d001              
                     4    d002                  Num       8    9.2             9.2             d002              
                     5    d003                  Num       8    9.2             9.2             d003              
                     6    d004                  Num       8    9.2             9.2             d004              
                     7    d005                  Num       8    9.2             9.2             d005              
                     8    d006                  Num       8    9.2             9.2             d006              
                     9    d007                  Num       8    9.2             9.2             d007              
                    10    d008                  Num       8    9.2             9.2             d008              
                    11    d009                  Num       8    9.2             9.2             d009              
                    12    d010                  Num       8    9.2             9.2             d010              
                    13    d011                  Num       8    9.2             9.2             d011              
                    14    d012                  Num       8    9.2             9.2             d012              
                    15    d013                  Num       8    9.2             9.2             d013              
                    16    d014                  Num       8    9.2             9.2             d014              
                    17    d015                  Num       8    9.2             9.2             d015              
                    18    d016                  Num       8    9.2             9.2             d016              
                    19    d017                  Num       8    9.2             9.2             d017              
                                                           The SAS System                         17:13 Wednesday, July 27, 2016   2

                                                       The CONTENTS Procedure

                                             Alphabetic List of Variables and Attributes
 
                     #    Variable              Type    Len    Format          Informat        Label

                    20    d018                  Num       8    9.2             9.2             d018              
                    21    d019                  Num       8    9.2             9.2             d019              
                    22    d020                  Num       8    9.2             9.2             d020              
                    23    d021                  Num       8    9.2             9.2             d021              
                    24    d022                  Num       8    9.2             9.2             d022              
                    25    d023                  Num       8    9.2             9.2             d023              
                    26    d024                  Num       8    9.2             9.2             d024              
                    27    d025                  Num       8    9.2             9.2             d025              
                    28    d026                  Num       8    9.2             9.2             d026              
                    29    d027                  Num       8    9.2             9.2             d027              
                    30    d028                  Num       8    9.2             9.2             d028              
                    31    d029                  Num       8    9.2             9.2             d029              
                    32    d030                  Num       8    9.2             9.2             d030              
                    33    d031                  Num       8    9.2             9.2             d031              
                    34    d032                  Num       8    9.2             9.2             d032              
                    35    d033                  Num       8    9.2             9.2             d033              
                    36    d034                  Num       8    9.2             9.2             d034              
                    37    d035                  Num       8    9.2             9.2             d035              
                    38    d036                  Num       8    9.2             9.2             d036              
                    39    d037                  Num       8    9.2             9.2             d037              
                    40    d038                  Num       8    9.2             9.2             d038              
                    41    d039                  Num       8    9.2             9.2             d039              
                    42    d040                  Num       8    9.2             9.2             d040              
                    43    d041                  Num       8    9.2             9.2             d041              
                    44    d042                  Num       8    9.2             9.2             d042              
                    45    d043                  Num       8    9.2             9.2             d043              
                    46    d044                  Num       8    9.2             9.2             d044              
                    47    d045                  Num       8    9.2             9.2             d045              
                    48    d046                  Num       8    9.2             9.2             d046              
                    49    d047                  Num       8    9.2             9.2             d047              
                    50    d048                  Num       8    9.2             9.2             d048              
                    51    d049                  Num       8    9.2             9.2             d049              
                    52    d050                  Num       8    9.2             9.2             d050              
                    53    d051                  Num       8    9.2             9.2             d051              
                    54    d052                  Num       8    9.2             9.2             d052              
                    55    d053                  Num       8    9.2             9.2             d053              
                    56    d054                  Num       8    9.2             9.2             d054              
                    57    d055                  Num       8    9.2             9.2             d055              
                    58    d056                  Num       8    9.2             9.2             d056              
                    59    d057                  Num       8    9.2             9.2             d057              
                    60    d058                  Num       8    9.2             9.2             d058              
                    61    d059                  Num       8    9.2             9.2             d059              
                    62    d060                  Num       8    9.2             9.2             d060              
                    63    d061                  Num       8    9.2             9.2             d061              
                    64    d062                  Num       8    9.2             9.2             d062              
                    65    d063                  Num       8    9.2             9.2             d063              
                    66    d064                  Num       8    9.2             9.2             d064              
                    67    d065                  Num       8    9.2             9.2             d065              
                    68    d066                  Num       8    9.2             9.2             d066              
                    69    d067                  Num       8                                    d067              
                    70    d068                  Num       8                                    d068              
                    71    d069                  Num       8    9.2             9.2             d069              
                                                           The SAS System                         17:13 Wednesday, July 27, 2016   3

                                                       The CONTENTS Procedure

                                             Alphabetic List of Variables and Attributes
 
                     #    Variable              Type    Len    Format          Informat        Label

                    72    d070                  Num       8    9.2             9.2             d070              
                    73    d071                  Num       8    9.2             9.2             d071              
                    74    d072                  Num       8    9.2             9.2             d072              
                    75    d073                  Num       8    9.2             9.2             d073              
                    76    d074                  Num       8    9.2             9.2             d074              
                    77    d075                  Num       8    9.2             9.2             d075              
                    78    d076                  Num       8    9.2             9.2             d076              
                    79    d077                  Num       8    9.2             9.2             d077              
                    80    d078                  Num       8                                    d078              
                    81    d079                  Num       8    9.2             9.2             d079              
                    82    d080                  Num       8    9.2             9.2             d080              
                    83    d081                  Num       8    9.2             9.2             d081              
                    84    d082                  Num       8    9.2             9.2             d082              
                    85    d083                  Num       8    9.2             9.2             d083              
                    86    d084                  Num       8    9.2             9.2             d084              
                    87    d085                  Num       8    9.2             9.2             d085              
                    88    d086                  Num       8    9.2             9.2             d086              
                    89    d087                  Num       8    9.2             9.2             d087              
                    90    d088                  Num       8    9.2             9.2             d088              
                    91    d089                  Num       8    9.2             9.2             d089              
                    92    d090                  Num       8    9.2             9.2             d090              
                    93    d091                  Num       8    9.2             9.2             d091              
                    94    d092                  Num       8    9.2             9.2             d092              
                    95    d093                  Num       8    9.2             9.2             d093              
                    96    d094                  Num       8    9.2             9.2             d094              
                    97    d095                  Num       8    9.2             9.2             d095              
                    98    d096                  Num       8    9.2             9.2             d096              
                    99    d097                  Num       8    9.2             9.2             d097              
                   100    d098                  Num       8    9.2             9.2             d098              
                   101    d099                  Num       8    9.2             9.2             d099              
                   102    d100                  Num       8    9.2             9.2             d100              
                   103    d101                  Num       8    9.2             9.2             d101              
                   104    d102                  Num       8    9.2             9.2             d102              
                   105    d103                  Num       8    9.2             9.2             d103              
                   106    d104                  Num       8    9.2             9.2             d104              
                   107    d105                  Num       8    9.2             9.2             d105              
                   108    d106                  Num       8    9.2             9.2             d106              
                   109    d107                  Num       8    9.2             9.2             d107              
                   110    d108                  Num       8    9.2             9.2             d108              
                   111    d109                  Num       8    9.2             9.2             d109              
                   112    d110                  Num       8    9.2             9.2             d110              
                   113    d111                  Num       8    9.2             9.2             d111              
                   114    d112                  Num       8    9.2             9.2             d112              
                   115    d113                  Num       8    9.2             9.2             d113              
                   116    d114                  Num       8    9.2             9.2             d114              
                   117    d115                  Num       8    9.2             9.2             d115              
                   118    d116                  Num       8    9.2             9.2             d116              
                   119    d117                  Num       8    9.2             9.2             d117              
                   120    d118                  Num       8    9.2             9.2             d118              
                   121    d119                  Num       8    9.2             9.2             d119              
                   122    d120                  Num       8    9.2             9.2             d120              
                   123    d121                  Num       8    9.2             9.2             d121              
                                                           The SAS System                         17:13 Wednesday, July 27, 2016   4

                                                       The CONTENTS Procedure

                                             Alphabetic List of Variables and Attributes
 
                     #    Variable              Type    Len    Format          Informat        Label

                   124    d122                  Num       8    9.2             9.2             d122              
                   125    d123                  Num       8    9.2             9.2             d123              
                   126    d124                  Num       8    9.2             9.2             d124              
                   127    d125                  Num       8    9.2             9.2             d125              
                   128    d126                  Num       8    9.2             9.2             d126              
                   129    d127                  Num       8    9.2             9.2             d127              
                   130    d128                  Num       8    9.2             9.2             d128              
                   131    d129                  Num       8    9.2             9.2             d129              
                   132    d130                  Num       8    9.2             9.2             d130              
                   133    d131                  Num       8    9.2             9.2             d131              
                   134    d132                  Num       8    9.2             9.2             d132              
                   135    d133                  Num       8    9.2             9.2             d133              
                   136    d134                  Num       8    9.2             9.2             d134              
                   137    d135                  Num       8    9.2             9.2             d135              
                   138    d136                  Num       8    9.2             9.2             d136              
                   139    d137                  Num       8    9.2             9.2             d137              
                   140    d138                  Num       8    9.2             9.2             d138              
                   141    d139                  Num       8    9.2             9.2             d139              
                   142    d140                  Num       8    9.2             9.2             d140              
                   143    d141                  Num       8    9.2             9.2             d141              
                   144    d142                  Num       8    9.2             9.2             d142              
                   145    d143                  Num       8    9.2             9.2             d143              
                   146    d144                  Num       8    9.2             9.2             d144              
                   147    d145                  Num       8    9.2             9.2             d145              
                   148    d146                  Num       8    9.2             9.2             d146              
                   149    d147                  Num       8    9.2             9.2             d147              
                   150    d148                  Num       8    9.2             9.2             d148              
                   151    d149                  Num       8    9.2             9.2             d149              
                   152    d150                  Num       8    9.2             9.2             d150              
                   153    d151                  Num       8    9.2             9.2             d151              
                   154    d152                  Num       8    9.2             9.2             d152              
                   155    d153                  Num       8    9.2             9.2             d153              
                   156    d154                  Num       8    9.2             9.2             d154              
                   157    d155                  Num       8    9.2             9.2             d155              
                   158    d156                  Num       8    9.2             9.2             d156              
                   159    d157                  Num       8    9.2             9.2             d157              
                   160    d158                  Num       8    9.2             9.2             d158              
                   161    d159                  Num       8    9.2             9.2             d159              
                   162    d160                  Num       8    9.2             9.2             d160              
                   163    d161                  Num       8    9.2             9.2             d161              
                   164    d162                  Num       8    9.2             9.2             d162              
                   165    d163                  Num       8    9.2             9.2             d163              
                   166    d164                  Num       8    9.2             9.2             d164              
                   167    d165                  Num       8    9.2             9.2             d165              
                   168    d166                  Num       8    9.2             9.2             d166              
                   169    d167                  Num       8    9.2             9.2             d167              
                   170    d168                  Num       8    9.2             9.2             d168              
                   171    d169                  Num       8    9.2             9.2             d169              
                   172    d170                  Num       8    9.2             9.2             d170              
                   173    d171                  Num       8    9.2             9.2             d171              
                   174    d172                  Num       8    9.2             9.2             d172              
                   175    d173                  Num       8    9.2             9.2             d173              
                                                           The SAS System                         17:13 Wednesday, July 27, 2016   5

                                                       The CONTENTS Procedure

                                             Alphabetic List of Variables and Attributes
 
                     #    Variable              Type    Len    Format          Informat        Label

                   176    d174                  Num       8    9.2             9.2             d174              
                   177    d175                  Num       8    9.2             9.2             d175              
                   178    d176                  Num       8    9.2             9.2             d176              
                   179    d177                  Num       8    9.2             9.2             d177              
                   180    d178                  Num       8    9.2             9.2             d178              
                   181    d179                  Num       8    9.2             9.2             d179              
                   182    d180                  Num       8    9.2             9.2             d180              
                   183    d181                  Num       8    9.2             9.2             d181              
                   184    d182                  Num       8    9.2             9.2             d182              
                   185    d183                  Num       8    9.2             9.2             d183              
                   186    d184                  Num       8    9.2             9.2             d184              
                   187    d185                  Num       8    9.2             9.2             d185              
                   188    d186                  Num       8    9.2             9.2             d186              
                   189    d187                  Num       8    9.2             9.2             d187              
                   190    d188                  Num       8    9.2             9.2             d188              
                   191    d189                  Num       8    9.2             9.2             d189              
                   192    d190                  Num       8    9.2             9.2             d190              
                   193    d191                  Num       8    9.2             9.2             d191              
                   194    d192                  Num       8    9.2             9.2             d192              
                   195    d193                  Num       8    9.2             9.2             d193              
                   196    d194                  Num       8    9.2             9.2             d194              
                   197    d195                  Num       8    9.2             9.2             d195              
                   198    d196                  Num       8    9.2             9.2             d196              
                   199    d197                  Num       8    9.2             9.2             d197              
                   200    d198                  Num       8    9.2             9.2             d198              
                   201    d199                  Num       8    9.2             9.2             d199              
                   202    d200                  Num       8    9.2             9.2             d200              
                   203    d201                  Num       8    9.2             9.2             d201              
                   204    d202                  Num       8    9.2             9.2             d202              
                   205    d203                  Num       8    9.2             9.2             d203              
                   206    d204                  Num       8    9.2             9.2             d204              
                   207    d205                  Num       8    9.2             9.2             d205              
                   208    d206                  Num       8    9.2             9.2             d206              
                   209    d207                  Num       8    9.2             9.2             d207              
                   210    d208                  Num       8    9.2             9.2             d208              
                   211    d209                  Num       8    9.2             9.2             d209              
                   212    d210                  Num       8    9.2             9.2             d210              
                   213    d211                  Num       8    9.2             9.2             d211              
                   214    d212                  Num       8    9.2             9.2             d212              
                   215    d213                  Num       8    9.2             9.2             d213              
                   216    d214                  Num       8    9.2             9.2             d214              
                   217    d215                  Num       8    9.2             9.2             d215              
                   218    d216                  Num       8    9.2             9.2             d216              
                   219    d217                  Num       8    9.2             9.2             d217              
                   220    d218                  Num       8    9.2             9.2             d218              
                   221    d219                  Num       8    9.2             9.2             d219              
                   222    d220                  Num       8    9.2             9.2             d220              
                   223    d221                  Num       8    9.2             9.2             d221              
                   224    d222                  Num       8    9.2             9.2             d222              
                   225    d223                  Num       8    9.2             9.2             d223              
                   226    d224                  Num       8    9.2             9.2             d224              
                   227    d225                  Num       8    9.2             9.2             d225              
                                                           The SAS System                         17:13 Wednesday, July 27, 2016   6

                                                       The CONTENTS Procedure

                                             Alphabetic List of Variables and Attributes
 
                     #    Variable              Type    Len    Format          Informat        Label

                   228    d226                  Num       8    9.2             9.2             d226              
                   229    d227                  Num       8    9.2             9.2             d227              
                   230    d228                  Num       8    9.2             9.2             d228              
                   231    d229                  Num       8    9.2             9.2             d229              
                   232    d230                  Num       8    9.2             9.2             d230              
                   233    d231                  Num       8    9.2             9.2             d231              
                   234    d232                  Num       8    9.2             9.2             d232              
                   235    d233                  Num       8    9.2             9.2             d233              
                   236    d234                  Num       8    9.2             9.2             d234              
                   237    d235                  Num       8    9.2             9.2             d235              
                   238    d236                  Num       8    9.2             9.2             d236              
                   239    d237                  Num       8    9.2             9.2             d237              
                   240    d238                  Num       8    9.2             9.2             d238              
                   241    d239                  Num       8    9.2             9.2             d239              
                   242    d240                  Num       8    9.2             9.2             d240              
                   243    d241                  Num       8    9.2             9.2             d241              
                   244    d242                  Num       8    9.2             9.2             d242              
                   245    d243                  Num       8    9.2             9.2             d243              
                   246    d244                  Num       8    9.2             9.2             d244              
                   247    d245                  Num       8    9.2             9.2             d245              
                   248    d246                  Num       8    9.2             9.2             d246              
                   249    d247                  Num       8    9.2             9.2             d247              
                   250    d248                  Num       8    9.2             9.2             d248              
                   251    d249                  Num       8    9.2             9.2             d249              
                   252    d250                  Num       8    9.2             9.2             d250              
                   253    d251                  Num       8                                    d251              
                   254    d252                  Num       8                                    d252              
                   255    d253                  Num       8    9.2             9.2             d253              
                   256    d254                  Num       8    9.2             9.2             d254              
                   257    d255                  Num       8    9.2             9.2             d255              
                   258    d256                  Num       8    9.2             9.2             d256              
                   259    d257                  Num       8    9.2             9.2             d257              
                   260    d258                  Num       8    9.2             9.2             d258              
                   261    d259                  Num       8    9.2             9.2             d259              
                   262    d260                  Num       8    9.2             9.2             d260              
                   263    d261                  Num       8    9.2             9.2             d261              
                   264    d262                  Num       8    9.2             9.2             d262              
                   265    d263                  Num       8    9.2             9.2             d263              
                   266    d264                  Num       8    9.2             9.2             d264              
                   267    d265                  Num       8    9.2             9.2             d265              
                   268    d266                  Num       8    9.2             9.2             d266              
                   269    d267                  Num       8    9.2             9.2             d267              
                   270    d268                  Num       8    9.2             9.2             d268              
                   271    d269                  Num       8    9.2             9.2             d269              
                   272    d270                  Num       8    9.2             9.2             d270              
                   273    d271                  Num       8    9.2             9.2             d271              
                   274    d272                  Num       8    9.2             9.2             d272              
                   275    d273                  Num       8    9.2             9.2             d273              
                   276    d274                  Num       8    9.2             9.2             d274              
                   277    d275                  Num       8    9.2             9.2             d275              
                   278    d276                  Num       8    9.2             9.2             d276              
                   279    d277                  Num       8    9.2             9.2             d277              
                                                           The SAS System                         17:13 Wednesday, July 27, 2016   7

                                                       The CONTENTS Procedure

                                             Alphabetic List of Variables and Attributes
 
                     #    Variable              Type    Len    Format          Informat        Label

                   280    d278                  Num       8    9.2             9.2             d278              
                   281    d279                  Num       8    9.2             9.2             d279              
                   282    d280                  Num       8    9.2             9.2             d280              
                   283    d281                  Num       8    9.2             9.2             d281              
                   284    d282                  Num       8    9.2             9.2             d282              
                   285    d283                  Num       8    9.2             9.2             d283              
                   286    d284                  Num       8    9.2             9.2             d284              
                   287    d285                  Num       8    9.2             9.2             d285              
                   288    d286                  Num       8    9.2             9.2             d286              
                   289    d287                  Num       8    9.2             9.2             d287              
                   290    d288                  Num       8    9.2             9.2             d288              
                   292    d289                  Num       8    9.2             9.2             d289              
                   291    d290                  Num       8    9.2             9.2             d290              
                   293    d291                  Num       8    9.2             9.2             d291              
                   294    d292                  Num       8    9.2             9.2             d292              
                   295    d293                  Num       8    9.2             9.2             d293              
                   296    d294                  Num       8    9.2             9.2             d294              
                   297    d295                  Num       8    9.2             9.2             d295              
                   298    d296                  Num       8    9.2             9.2             d296              
                   299    d297                  Num       8    9.2             9.2             d297              
                   300    d298                  Num       8    9.2             9.2             d298              
                   301    d299                  Num       8    9.2             9.2             d299              
                   302    d300                  Num       8    9.2             9.2             d300              
                   303    d301                  Num       8    9.2             9.2             d301              
                   304    d302                  Num       8    9.2             9.2             d302              
                   305    d303                  Num       8    9.2             9.2             d303              
                   306    d304                  Num       8    9.2             9.2             d304              
                   307    d305                  Num       8    9.2             9.2             d305              
                   308    d306                  Num       8    9.2             9.2             d306              
                   309    d307                  Num       8    9.2             9.2             d307              
                   310    d308                  Num       8    9.2             9.2             d308              
                   311    d309                  Num       8    9.2             9.2             d309              
                   312    d310                  Num       8    9.2             9.2             d310              
                   313    d311                  Num       8    9.2             9.2             d311              
                   314    d312                  Num       8    9.2             9.2             d312              
                   315    d313                  Num       8                                    d313              
                   316    d314                  Num       8                                    d314              
                   317    d315                  Num       8                                    d315              
                   318    d316                  Num       8                                    d316              
                   319    d317                  Num       8                                    d317              
                   320    d318                  Num       8                                    d318              
                   321    d319                  Num       8    9.2             9.2             d319              
                   322    d320                  Num       8    9.2             9.2             d320              
                   323    d321                  Num       8    9.2             9.2             d321              
                   324    d322                  Num       8    9.2             9.2             d322              
                   325    d323                  Num       8    9.2             9.2             d323              
                   326    d324                  Num       8    9.2             9.2             d324              
                   327    d325                  Num       8    9.2             9.2             d325              
                   328    d326                  Num       8    9.2             9.2             d326              
                   329    d327                  Num       8    9.2             9.2             d327              
                   330    d328                  Num       8    9.2             9.2             d328              
                   331    d329                  Num       8    9.2             9.2             d329              
                                                           The SAS System                         17:13 Wednesday, July 27, 2016   8

                                                       The CONTENTS Procedure

                                             Alphabetic List of Variables and Attributes
 
                     #    Variable              Type    Len    Format          Informat        Label

                   332    d330                  Num       8    9.2             9.2             d330              
                   333    d331                  Num       8    9.2             9.2             d331              
                   334    d332                  Num       8    9.2             9.2             d332              
                   335    d333                  Num       8    9.2             9.2             d333              
                   336    d334                  Num       8    9.2             9.2             d334              
                   337    d335                  Num       8    9.2             9.2             d335              
                   338    d336                  Num       8    9.2             9.2             d336              
                   339    d337                  Num       8    9.2             9.2             d337              
                   340    d338                  Num       8    9.2             9.2             d338              
                   341    d339                  Num       8    9.2             9.2             d339              
                   342    d340                  Num       8    9.2             9.2             d340              
                   343    d341                  Num       8    9.2             9.2             d341              
                   344    d342                  Num       8    9.2             9.2             d342              
                   345    d343                  Num       8    9.2             9.2             d343              
                   346    d344                  Num       8    9.2             9.2             d344              
                   347    d345                  Num       8    9.2             9.2             d345              
                   348    d346                  Num       8    9.2             9.2             d346              
                   349    d347                  Num       8    9.2             9.2             d347              
                   350    d348                  Num       8    9.2             9.2             d348              
                   351    d349                  Num       8    9.2             9.2             d349              
                   352    d350                  Num       8    9.2             9.2             d350              
                   353    d351                  Num       8    9.2             9.2             d351              
                   354    d352                  Num       8    9.2             9.2             d352              
                   355    d353                  Num       8    9.2             9.2             d353              
                   356    d354                  Num       8    9.2             9.2             d354              
                   357    d355                  Num       8    9.2             9.2             d355              
                   358    d356                  Num       8    9.2             9.2             d356              
                   359    d357                  Num       8    9.2             9.2             d357              
                   360    d358                  Num       8    9.2             9.2             d358              
                   361    d359                  Num       8    9.2             9.2             d359              
                   362    d360                  Num       8    9.2             9.2             d360              
                   363    d361                  Num       8    9.2             9.2             d361              
                   364    d362                  Num       8    9.2             9.2             d362              
                   365    d363                  Num       8    9.2             9.2             d363              
                   366    d364                  Num       8    9.2             9.2             d364              
                   367    d365                  Num       8    9.2             9.2             d365              
                   368    d366                  Num       8    9.2             9.2             d366              
                   369    d367                  Num       8    9.2             9.2             d367              
                   370    d368                  Num       8    9.2             9.2             d368              
                   371    d369                  Num       8    9.2             9.2             d369              
                   372    d370                  Num       8    9.2             9.2             d370              
                   373    d371                  Num       8    9.2             9.2             d371              
                   374    d372                  Num       8    9.2             9.2             d372              
                   375    d373                  Num       8    9.2             9.2             d373              
                   376    d374                  Num       8    9.2             9.2             d374              
                   377    d375                  Num       8    9.2             9.2             d375              
                   378    d376                  Num       8    9.2             9.2             d376              
                   379    d377                  Num       8    9.2             9.2             d377              
                   380    d378                  Num       8    9.2             9.2             d378              
                   381    d379                  Num       8    9.2             9.2             d379              
                   382    d380                  Num       8    9.2             9.2             d380              
                   383    d381                  Num       8    9.2             9.2             d381              
                                                           The SAS System                         17:13 Wednesday, July 27, 2016   9

                                                       The CONTENTS Procedure

                                             Alphabetic List of Variables and Attributes
 
                     #    Variable              Type    Len    Format          Informat        Label

                   384    d382                  Num       8    9.2             9.2             d382              
                   385    d383                  Num       8    9.2             9.2             d383              
                   386    d384                  Num       8    9.2             9.2             d384              
                   387    d385                  Num       8    9.2             9.2             d385              
                   388    d386                  Num       8    9.2             9.2             d386              
                   389    d387                  Num       8    9.2             9.2             d387              
                   390    d388                  Num       8    9.2             9.2             d388              
                   391    d389                  Num       8    9.2             9.2             d389              
                   392    d390                  Num       8    9.2             9.2             d390              
                   393    d391                  Num       8    9.2             9.2             d391              
                   394    d392                  Num       8    9.2             9.2             d392              
                   395    d393                  Num       8    9.2             9.2             d393              
                   396    d394                  Num       8    9.2             9.2             d394              
                   397    d395                  Num       8                                    d395              
                   398    d396                  Num       8    9.2             9.2             d396              
                   399    d397                  Num       8    9.2             9.2             d397              
                   400    d398                  Num       8    9.2             9.2             d398              
                   401    d399                  Num       8    9.2             9.2             d399              
                   402    d400                  Num       8    9.2             9.2             d400              
                   403    d401                  Num       8    9.2             9.2             d401              
                   404    d402                  Num       8    9.2             9.2             d402              
                   405    d403                  Num       8    9.2             9.2             d403              
                   406    d404                  Num       8    9.2             9.2             d404              
                   407    d405                  Num       8    9.2             9.2             d405              
                   408    d406                  Num       8    9.2             9.2             d406              
                   409    d407                  Num       8                                    d407              
                   410    d408                  Num       8                                    d408              
                   411    d409                  Num       8    9.2             9.2             d409              
                   412    d410                  Num       8    9.2             9.2             d410              
                   413    d411                  Num       8    9.2             9.2             d411              
                   414    d412                  Num       8    9.2             9.2             d412              
                   415    d413                  Num       8    9.2             9.2             d413              
                   416    d414                  Num       8    9.2             9.2             d414              
                   417    d415                  Num       8    9.2             9.2             d415              
                   418    d416                  Num       8    9.2             9.2             d416              
                   419    d417                  Num       8    9.2             9.2             d417              
                   420    d418                  Num       8    9.2             9.2             d418              
                   421    d419                  Num       8    9.2             9.2             d419              
                   422    d420                  Num       8    9.2             9.2             d420              
                   423    d421                  Num       8    9.2             9.2             d421              
                   424    d422                  Num       8    9.2             9.2             d422              
                   425    d423                  Num       8    9.2             9.2             d423              
                   426    d424                  Num       8    9.2             9.2             d424              
                   427    d425                  Num       8    9.2             9.2             d425              
                   428    d426                  Num       8    9.2             9.2             d426              
                   429    d427                  Num       8    9.2             9.2             d427              
                   430    d428                  Num       8    9.2             9.2             d428              
                   431    d429                  Num       8    9.2             9.2             d429              
                   432    d430                  Num       8    9.2             9.2             d430              
                   433    d431                  Num       8    9.2             9.2             d431              
                   434    d432                  Num       8    9.2             9.2             d432              
                   435    d433                  Num       8    9.2             9.2             d433              
                                                           The SAS System                         17:13 Wednesday, July 27, 2016  10

                                                       The CONTENTS Procedure

                                             Alphabetic List of Variables and Attributes
 
                     #    Variable              Type    Len    Format          Informat        Label

                   436    d434                  Num       8    9.2             9.2             d434              
                   437    d435                  Num       8    9.2             9.2             d435              
                   438    d436                  Num       8    9.2             9.2             d436              
                   439    d437                  Num       8    9.2             9.2             d437              
                   440    d438                  Num       8    9.2             9.2             d438              
                   441    d439                  Num       8    9.2             9.2             d439              
                   442    d440                  Num       8    9.2             9.2             d440              
                   443    d441                  Num       8    9.2             9.2             d441              
                   444    d442                  Num       8    9.2             9.2             d442              
                   445    d443                  Num       8    9.2             9.2             d443              
                   446    d444                  Num       8    9.2             9.2             d444              
                   447    d445                  Num       8    9.2             9.2             d445              
                   448    d446                  Num       8    9.2             9.2             d446              
                   449    d447                  Num       8    9.2             9.2             d447              
                   450    d448                  Num       8    9.2             9.2             d448              
                   451    d449                  Num       8    9.2             9.2             d449              
                   452    d450                  Num       8    9.2             9.2             d450              
                   453    d451                  Num       8    9.2             9.2             d451              
                   454    d452                  Num       8    9.2             9.2             d452              
                   455    d453                  Num       8    9.2             9.2             d453              
                   456    d454                  Num       8    9.2             9.2             d454              
                   457    d455                  Num       8    9.2             9.2             d455              
                   458    d456                  Num       8    9.2             9.2             d456              
                   459    d457                  Num       8    9.2             9.2             d457              
                   460    d458                  Num       8    9.2             9.2             d458              
                   461    d459                  Num       8    9.2             9.2             d459              
                   462    d460                  Num       8    9.2             9.2             d460              
                   463    d461                  Num       8    9.2             9.2             d461              
                   464    d462                  Num       8    9.2             9.2             d462              
                   465    d463                  Num       8    9.2             9.2             d463              
                   466    d464                  Num       8    9.2             9.2             d464              
                   467    d465                  Num       8    9.2             9.2             d465              
                   468    d466                  Num       8    9.2             9.2             d466              
                   469    d467                  Num       8    9.2             9.2             d467              
                   470    d468                  Num       8    9.2             9.2             d468              
                   471    d469                  Num       8    9.2             9.2             d469              
                   472    d470                  Num       8    9.2             9.2             d470              
                   473    d471                  Num       8    9.2             9.2             d471              
                   474    d472                  Num       8    9.2             9.2             d472              
                   475    d473                  Num       8    9.2             9.2             d473              
                   476    d474                  Num       8    9.2             9.2             d474              
                   477    d475                  Num       8    9.2             9.2             d475              
                   478    d476                  Num       8    9.2             9.2             d476              
                   479    d477                  Num       8    9.2             9.2             d477              
                   480    d478                  Num       8    9.2             9.2             d478              
                   481    d479                  Num       8    9.2             9.2             d479              
                   482    d480                  Num       8    9.2             9.2             d480              
                   483    d481                  Num       8    9.2             9.2             d481              
                   484    d482                  Num       8    9.2             9.2             d482              
                   485    d483                  Num       8    9.2             9.2             d483              
                   486    d484                  Num       8    9.2             9.2             d484              
                   487    d485                  Num       8    9.2             9.2             d485              
                                                           The SAS System                         17:13 Wednesday, July 27, 2016  11

                                                       The CONTENTS Procedure

                                             Alphabetic List of Variables and Attributes
 
                     #    Variable              Type    Len    Format          Informat        Label

                   488    d486                  Num       8    9.2             9.2             d486              
                   489    d487                  Num       8    9.2             9.2             d487              
                   490    d488                  Num       8    9.2             9.2             d488              
                   491    d489                  Num       8    9.2             9.2             d489              
                   492    d490                  Num       8    9.2             9.2             d490              
                   493    d491                  Num       8    9.2             9.2             d491              
                   494    d492                  Num       8    9.2             9.2             d492              
                   495    d493                  Num       8    9.2             9.2             d493              
                   496    d494                  Num       8    9.2             9.2             d494              
                   497    d495                  Num       8    9.2             9.2             d495              
                   498    d496                  Num       8    9.2             9.2             d496              
                   499    d497                  Num       8    9.2             9.2             d497              
                   500    d498                  Num       8    9.2             9.2             d498              
                   501    d499                  Num       8    9.2             9.2             d499              
                   502    d500                  Num       8    9.2             9.2             d500              
                   512    d501                  Num       8                                                      
                   513    d502                  Num       8                                                      
                   504    d503                  Num       8                                                      
                   505    d504                  Num       8                                                      
                   506    d505                  Num       8                                                      
                   507    d506                  Num       8                                                      
                   508    d507                  Num       8                                                      
                   509    d508                  Num       8                                                      
                   510    d509                  Num       8                                                      
                   511    d510                  Num       8                                                      
                   514    d511                  Num       8                                                      
                   515    d512                  Num       8                                                      
                   516    d513                  Num       8                                                      
                   517    d514                  Num       8                                                      
                   518    d515                  Num       8                                                      
                   519    d516                  Num       8                                                      
                   520    d517                  Num       8                                                      
                   521    d518                  Num       8                                                      
                   522    d519                  Num       8                                                      
                   523    d520                  Num       8                                                      
                   524    d521                  Num       8                                                      
                   525    d522                  Num       8                                                      
                   526    d523                  Num       8                                                      
                   527    d524                  Num       8                                                      
                   528    d525                  Num       8                                                      
                   529    d526                  Num       8                                                      
                   530    d527                  Num       8                                                      
                   531    d528                  Num       8                                                      
                   532    d529                  Num       8                                                      
                   533    d530                  Num       8                                                      
                   534    d531                  Num       8                                                      
                   535    d532                  Num       8                                                      
                   536    d533                  Num       8                                                      
                   537    d534                  Num       8                                                      
                   538    d535                  Num       8                                                      
                   539    d536                  Num       8                                                      
                   540    d537                  Num       8                                                      
                                                           The SAS System                         17:13 Wednesday, July 27, 2016  12

                                                       The CONTENTS Procedure

                                             Alphabetic List of Variables and Attributes
 
                     #    Variable              Type    Len    Format          Informat        Label

                   541    d538                  Num       8                                                      
                   542    d539                  Num       8                                                      
                   543    d540                  Num       8                                                      
                   544    d541                  Num       8                                                      
                   545    d542                  Num       8                                                      
                   546    d543                  Num       8                                                      
                   547    d544                  Num       8                                                      
                   548    d545                  Num       8                                                      
                   549    d546                  Num       8                                                      
                   550    d547                  Num       8                                                      
                   551    d548                  Num       8                                                      
                   552    d549                  Num       8                                                      
                   553    d550                  Num       8                                                      
                   554    d551                  Num       8                                                      
                   555    d552                  Num       8                                                      
                   556    d553                  Num       8                                                      
                   557    d554                  Num       8                                                      
                   558    d555                  Num       8                                                      
                   559    d556                  Num       8                                                      
                   560    d557                  Num       8                                                      
                   561    d558                  Num       8                                                      
                   562    d559                  Num       8                                                      
                   563    d560                  Num       8                                                      
                   564    d561                  Num       8                                                      
                   565    d562                  Num       8                                                      
                   566    d563                  Num       8                                                      
                   567    d564                  Num       8                                                      
                   568    d565                  Num       8                                                      
                   569    d566                  Num       8                                                      
                   570    d567                  Num       8                                                      
                   571    d568                  Num       8                                                      
                   572    d569                  Num       8                                                      
                   573    d570                  Num       8                                                      
                   575    d571                  Num       8                                                      
                   576    d572                  Num       8                                                      
                   577    d573                  Num       8                                                      
                   578    d574                  Num       8                                                      
                   579    d575                  Num       8                                                      
                   580    d576                  Num       8                                                      
                   581    d577                  Num       8                                                      
                   582    d578                  Num       8                                                      
                   583    d579                  Num       8                                                      
                   584    d580                  Num       8                                                      
                   503    datum_reg             Num       8                                                      
                   574    guid                  Char     57    $38.            $38.            guid              
                   585    ts_ei                 Num       8    DATETIME30.6    DATETIME30.6    TS_EI             
                     2    ts_registratie        Num       8    DATETIME22.3    DATETIME22.3    ts_registratie    
                     1    ts_registratie_GMT    Num       8    DATETIME22.3    DATETIME22.3    ts_registratie_GMT
                                                           The SAS System                         17:13 Wednesday, July 27, 2016  13

                                                         The FREQ Procedure

                                                             K_TSTMAT
 
                                                                        Cumulative    Cumulative
                                   K_TSTMAT    Frequency     Percent     Frequency      Percent
                                   -------------------------------------------------------------
                                   2B           1628484       20.18       1628484        20.18  
                                   2BA          6076904       75.29       7705388        95.47  
                                   2D             54324        0.67       7759712        96.14  
                                   2DA           310663        3.85       8070375        99.99  
                                   2DT              229        0.00       8070604        99.99  
                                   HRAP             585        0.01       8071189       100.00  
