                                                           The SAS System                        16:54 Saturday, August 13, 2016   1

                                                        The MEANS Procedure

                                          Variable          Label                  Std Dev
                                          ------------------------------------------------
                                          ts_registratie    ts_registratie     14493259.24
                                          d001              d001                 0.3329586
                                          d002              d002                 0.0131025
                                          d003              d003                 2.5810404
                                          d004              d004                40.1311030
                                          d005              d005                39.9800151
                                          d006              d006                39.2806191
                                          d007              d007                38.8452604
                                          d008              d008                39.2058891
                                          d009              d009                40.5120485
                                          d010              d010                42.8842873
                                          d011              d011                39.6805150
                                          d012              d012                40.2457236
                                          d013              d013                39.3933691
                                          d014              d014                38.9512217
                                          d015              d015                39.6054188
                                          d016              d016                40.6752663
                                          d017              d017                43.0404577
                                          d018              d018                 0.4382845
                                          d019              d019                 0.2136712
                                          d020              d020                 0.1635282
                                          d021              d021                 0.1404048
                                          d022              d022                 0.1694036
                                          d023              d023                 0.1816095
                                          d024              d024                 0.1595004
                                          d025              d025                 0.4738732
                                          d026              d026                 0.2009141
                                          d027              d027                 0.1516674
                                          d028              d028                 0.1154023
                                          d029              d029                 0.1803364
                                          d030              d030                 0.1914772
                                          d031              d031                 0.1465735
                                          d032              d032                         0
                                          d033              d033               136.8059381
                                          d034              d034               136.9692021
                                          d035              d035               137.2420392
                                          d036              d036               137.4138136
                                          d037              d037               137.5719039
                                          d038              d038               141.2532337
                                          d039              d039               141.6039070
                                          d040              d040               136.4560613
                                          d041              d041               137.2600883
                                          d042              d042               136.8624611
                                          d043              d043               137.3151388
                                          d044              d044               137.7316528
                                          d045              d045               142.2061747
                                          d046              d046               141.6447989
                                          d047              d047                         0
                                          d048              d048               135.4509966
                                          d049              d049               135.5546333
                                          d050              d050               135.8565386
                                          d051              d051               135.9259345
                                          d052              d052               136.1559905
                                          ------------------------------------------------
                                                           The SAS System                        16:54 Saturday, August 13, 2016   2

                                                        The MEANS Procedure

                                          Variable          Label                  Std Dev
                                          ------------------------------------------------
                                          d053              d053               139.9089882
                                          d054              d054               140.1346372
                                          d055              d055               135.1482084
                                          d056              d056               136.0535414
                                          d057              d057               135.5786131
                                          d058              d058               136.1778953
                                          d059              d059               136.5203433
                                          d060              d060               140.9090163
                                          d061              d061               140.3664451
                                          d062              d062                15.3713965
                                          d063              d063               290.8191006
                                          d064              d064                 0.3361550
                                          d065              d065               280.9007270
                                          d066              d066                 7.7640529
                                          d067              d067                 8.1508266
                                          d068              d068                 5.0757286
                                          d069              d069                 6.0751878
                                          d070              d070                18.3764068
                                          d071              d071                15.3255575
                                          d072              d072                14.2011860
                                          d073              d073                 5.6133879
                                          d074              d074                17.2989059
                                          d075              d075               131.9183717
                                          d076              d076               131.9674035
                                          d077              d077               130.5712727
                                          d078              d078               130.5194608
                                          d079              d079                 0.0526848
                                          d080              d080                15.2739979
                                          d081              d081                15.4498275
                                          d082              d082                14.9527432
                                          d083              d083                 3.7939394
                                          d084              d084                 3.6932999
                                          d085              d085                 3.0755373
                                          d086              d086                 2.8923027
                                          d087              d087                 3.9997503
                                          d088              d088                 3.8365422
                                          d089              d089                 3.9170661
                                          d090              d090                 3.7797096
                                          d091              d091                 3.4645336
                                          d092              d092                 3.5511717
                                          d093              d093                 3.4114835
                                          d094              d094                 3.5623976
                                          d095              d095                 6.9189541
                                          d096              d096                 5.7602006
                                          d097              d097                 6.0272071
                                          d098              d098                 6.0448294
                                          d099              d099                 5.3269911
                                          d100              d100                12.4187235
                                          d101              d101                11.5761577
                                          d102              d102                10.6447913
                                          d103              d103                15.2113574
                                          d104              d104                14.7454335
                                          d105              d105                14.4032097
                                          ------------------------------------------------
                                                           The SAS System                        16:54 Saturday, August 13, 2016   3

                                                        The MEANS Procedure

                                          Variable          Label                  Std Dev
                                          ------------------------------------------------
                                          d106              d106                13.9027562
                                          d107              d107                13.1350783
                                          d108              d108                12.7367036
                                          d109              d109                 6.7649164
                                          d110              d110                 6.6138600
                                          d111              d111                 6.7011190
                                          d112              d112                13.4998473
                                          d113              d113                12.5763090
                                          d114              d114                11.9879577
                                          d115              d115                13.0432403
                                          d116              d116                17.5702002
                                          d117              d117                18.7755669
                                          d118              d118                20.3192150
                                          d119              d119                19.9900446
                                          d120              d120                19.4112036
                                          d121              d121                16.2066691
                                          d122              d122                15.5345317
                                          d123              d123                15.7203988
                                          d124              d124                14.3825111
                                          d125              d125                13.9184892
                                          d126              d126                14.5317831
                                          d127              d127                14.3965917
                                          d128              d128                 1.9326324
                                          d129              d129                10.1094829
                                          d130              d130                10.2178794
                                          d131              d131                         0
                                          d132              d132                         0
                                          d133              d133                21.8431811
                                          d134              d134                   9806.59
                                          d135              d135                   8176.18
                                          d136              d136                   8371.86
                                          d137              d137               144.6712374
                                          d138              d138               152.3218423
                                          d139              d139                   8172.17
                                          d140              d140                   1531.70
                                          d141              d141               151.0540736
                                          d142              d142               146.3254628
                                          d143              d143                10.0219038
                                          d144              d144                18.1162860
                                          d145              d145                 0.2226772
                                          d146              d146                 0.1613705
                                          d147              d147                 0.1721674
                                          d148              d148                 0.1729054
                                          d149              d149                 0.2365882
                                          d150              d150                 0.2144073
                                          d151              d151                 0.2582813
                                          d152              d152                 0.1972436
                                          d153              d153                 0.2090132
                                          d154              d154                 0.2040964
                                          d155              d155                 0.2147739
                                          d156              d156                 0.2315761
                                          d157              d157                 0.2758592
                                          d158              d158                 0.2219574
                                          ------------------------------------------------
                                                           The SAS System                        16:54 Saturday, August 13, 2016   4

                                                        The MEANS Procedure

                                          Variable          Label                  Std Dev
                                          ------------------------------------------------
                                          d159              d159                 0.2349286
                                          d160              d160                 0.2701805
                                          d161              d161                 0.2250290
                                          d162              d162                 0.2188402
                                          d163              d163                 0.2130429
                                          d164              d164                 0.1773436
                                          d165              d165                 0.3093814
                                          d166              d166                 0.3112219
                                          d167              d167                 0.3135717
                                          d168              d168                 0.2918326
                                          d169              d169                 0.2619484
                                          d170              d170                 0.2562391
                                          d171              d171                 0.2970248
                                          d172              d172                 0.2736037
                                          d173              d173                 0.2688759
                                          d174              d174                 0.2820904
                                          d175              d175                 0.2598204
                                          d176              d176                 0.2384219
                                          d177              d177                 0.2740690
                                          d178              d178                 0.3739516
                                          d179              d179                 0.4092439
                                          d180              d180                 0.4500339
                                          d181              d181                 0.4624573
                                          d182              d182                 0.4381864
                                          d183              d183                 0.3694824
                                          d184              d184                 0.3391633
                                          d185              d185                 0.3485536
                                          d186              d186                 0.3156233
                                          d187              d187               291.3737774
                                          d188              d188               273.3417133
                                          d189              d189               315.9462764
                                          d190              d190               304.9360418
                                          d191              d191                 0.1158184
                                          d192              d192                 0.1417621
                                          d193              d193                 0.2619380
                                          d194              d194                 0.2131764
                                          d195              d195                11.6295521
                                          d196              d196                 1.1094371
                                          d197              d197                22.6081243
                                          d198              d198                 0.8968597
                                          d199              d199                16.2491605
                                          d200              d200                 1.7623199
                                          d201              d201               637.1114499
                                          d202              d202               617.4873079
                                          d203              d203               732.5236965
                                          d204              d204               211.0034198
                                          d205              d205                 0.2338159
                                          d206              d206                 0.4524385
                                          d207              d207               761.5057430
                                          d208              d208               723.6812339
                                          d209              d209               816.5392756
                                          d210              d210                   5250.24
                                          d211              d211                  10046.27
                                          ------------------------------------------------
                                                           The SAS System                        16:54 Saturday, August 13, 2016   5

                                                        The MEANS Procedure

                                          Variable          Label                  Std Dev
                                          ------------------------------------------------
                                          d212              d212                   9811.38
                                          d213              d213                   1582.81
                                          d214              d214               150.2778126
                                          d215              d215               144.6370887
                                          d216              d216                11.6221255
                                          d217              d217                 8.5068699
                                          d218              d218               199.8125262
                                          d219              d219               321.4036537
                                          d220              d220                27.3803506
                                          d221              d221               321.3385873
                                          d222              d222               320.6210366
                                          d223              d223               320.5923094
                                          d224              d224                12.9472193
                                          d225              d225                13.1033793
                                          d226              d226                12.9480764
                                          d227              d227                12.9472412
                                          d228              d228                13.0727213
                                          d229              d229                12.9475288
                                          d230              d230                21.0118113
                                          d231              d231                21.0439420
                                          d232              d232                21.0439420
                                          d233              d233                21.0118113
                                          d234              d234                21.0497540
                                          d235              d235                21.0086528
                                          d236              d236                21.0091552
                                          d237              d237                21.0497530
                                          d238              d238                 0.4973487
                                          d239              d239                10.7832886
                                          d240              d240               252.6324928
                                          d241              d241                29.0584088
                                          d242              d242                22.6984902
                                          d243              d243                   1539.49
                                          d244              d244                   1783.84
                                          d245              d245                   1548.50
                                          d246              d246                 4.9302166
                                          d247              d247               146.5995995
                                          d248              d248                   2595.13
                                          d249              d249                41.5025819
                                          d250              d250                   2488.67
                                          d251              d251               195.6795439
                                          d252              d252               121.1228756
                                          d253              d253                 0.0271046
                                          d254              d254               228.5293700
                                          d255              d255                   1185.83
                                          d256              d256                 0.2955886
                                          d257              d257                15.5751208
                                          d258              d258                 3.5288410
                                          d259              d259                 0.0122378
                                          d260              d260                15.8194042
                                          d261              d261                   1322.68
                                          d262              d262                 0.2956134
                                          d263              d263                 0.1633454
                                          d264              d264                 0.2281895
                                          ------------------------------------------------
                                                           The SAS System                        16:54 Saturday, August 13, 2016   6

                                                        The MEANS Procedure

                                          Variable          Label                  Std Dev
                                          ------------------------------------------------
                                          d265              d265                 0.4154216
                                          d266              d266               484.4540059
                                          d267              d267               491.3515723
                                          d268              d268                 2.5702028
                                          d269              d269                 1.1525140
                                          d270              d270                 0.9473879
                                          d271              d271                 1.1636205
                                          d272              d272                 1.0346375
                                          d273              d273                19.9764656
                                          d274              d274                 1.3241326
                                          d275              d275                 0.4785485
                                          d276              d276                 0.2219690
                                          d277              d277                 0.4964298
                                          d278              d278                 0.4575397
                                          d279              d279                   2080.81
                                          d280              d280               911.2195288
                                          d281              d281               579.3335712
                                          d282              d282                 4.1867284
                                          d283              d283                 4.1829374
                                          d284              d284                 0.0157165
                                          d285              d285                 0.1525578
                                          d286              d286                 0.1171158
                                          d287              d287                 0.1612955
                                          d288              d288                 0.3344990
                                          d289              d289                 0.2760733
                                          d290              d290                 0.0421504
                                          d291              d291                         0
                                          d292              d292                 0.0377934
                                          d293              d293                 0.0560240
                                          d294              d294                 0.0603196
                                          d295              d295                 0.0228827
                                          d296              d296                 0.0164735
                                          d297              d297                 0.0083030
                                          d298              d298                 0.0062706
                                          d299              d299                 0.0090070
                                          d300              d300                 0.0062075
                                          d301              d301                 0.0261131
                                          d302              d302                 0.0091011
                                          d303              d303                 0.0136750
                                          d304              d304                 0.2190106
                                          d305              d305                 0.1679113
                                          d306              d306                 0.1310658
                                          d307              d307                 0.0022609
                                          d308              d308                 0.1050307
                                          d309              d309                 0.0639379
                                          d310              d310                 0.0092935
                                          d311              d311                 0.0229570
                                          d312              d312                         0
                                          d313              d313                 0.0421907
                                          d314              d314                 0.0997926
                                          d315              d315               735.9526328
                                          d316              d316               705.0639535
                                          d317              d317                   4293.44
                                          ------------------------------------------------
                                                           The SAS System                        16:54 Saturday, August 13, 2016   7

                                                        The MEANS Procedure

                                          Variable          Label                  Std Dev
                                          ------------------------------------------------
                                          d318              d318               901.8816184
                                          d319              d319                   1125.73
                                          d320              d320                   1028.19
                                          d321              d321               602.7029362
                                          d322              d322               562.4168738
                                          d323              d323               984.0151562
                                          d324              d324                  11252.04
                                          d325              d325               862.0332228
                                          d326              d326                 2.5979017
                                          d327              d327                73.8569447
                                          d328              d328                73.9157457
                                          d329              d329                 0.0126703
                                          d330              d330                 0.0132566
                                          d331              d331                 0.0012007
                                          d332              d332                 301706.63
                                          d333              d333                 304091.03
                                          d334              d334                 304074.00
                                          d335              d335                 301707.00
                                          d336              d336                 0.3375824
                                          d337              d337                 0.3319609
                                          d338              d338                 0.4042736
                                          d339              d339                 0.3990600
                                          d340              d340                 0.3408602
                                          d341              d341                 0.3317684
                                          d342              d342                 0.4062503
                                          d343              d343                 0.3979389
                                          d344              d344                 0.0583086
                                          d345              d345                 0.0609408
                                          d346              d346                 0.0971751
                                          d347              d347                 0.0693685
                                          d348              d348                11.9416508
                                          d349              d349                   1070.81
                                          d350              d350                41.5431037
                                          d351              d351                 3.1255865
                                          d352              d352                 9.7217876
                                          d353              d353                   1163.65
                                          d354              d354                78.2585753
                                          d355              d355                 1.8316936
                                          d356              d356                 9.0711392
                                          d357              d357                   1010.84
                                          d358              d358                68.6412202
                                          d359              d359                 1.2016138
                                          d360              d360                 0.0929241
                                          d361              d361                 0.1017929
                                          d362              d362                10.9206357
                                          d363              d363                 0.4188989
                                          d364              d364                 0.4138727
                                          d365              d365                 0.0835060
                                          d366              d366                 0.2049470
                                          d367              d367                 0.1229558
                                          d368              d368                 0.0464670
                                          d369              d369                 0.1307357
                                          d370              d370                 0.0495303
                                          ------------------------------------------------
                                                           The SAS System                        16:54 Saturday, August 13, 2016   8

                                                        The MEANS Procedure

                                          Variable          Label                  Std Dev
                                          ------------------------------------------------
                                          d371              d371                 0.4902905
                                          d372              d372                 0.2220782
                                          d373              d373                72.4831367
                                          d374              d374                12.4283040
                                          d375              d375                15.5166388
                                          d376              d376                14.5807976
                                          d377              d377                   1145.68
                                          d378              d378                48.0735718
                                          d379              d379                 2.8769057
                                          d380              d380                 0.3157640
                                          d381              d381                 0.1398200
                                          d382              d382                 0.0623647
                                          d383              d383                 0.0446389
                                          d384              d384                 0.0364759
                                          d385              d385                 0.0192158
                                          d386              d386                 0.2528416
                                          d387              d387                 0.0620896
                                          d388              d388                 0.0888298
                                          d389              d389                 2.6734609
                                          d390              d390                 2.7333262
                                          ts_ei             TS_EI              14492028.77
                                          BEW_VN            BEW_VN               2.6747240
                                          DCH_N             DCH_N                0.4945095
                                          TS_BE             TS_BE              14503193.26
                                          ------------------------------------------------
                                                           The SAS System                        16:54 Saturday, August 13, 2016   9

                                                         The FREQ Procedure

                                                     Number of Variable Levels
 
                                                   Variable    Label      Levels
                                                   -----------------------------
                                                   CL_N        CL_N        10151
                                                   _dumc                       1
